[   0.000000 Lnux ersion 4.15.0-42-generic (buid@lgw01-md64-23 (gcc ersin 7.3.0 (buntu 7.0-16ubutu3)) #45UbuntuSM Thu Nv 5 19:3257UTC 2018 (Uuntu4.5.0-42.45-geeric 4.15.18)
[   0.000000] Comad line BOT_IMGE/boo/vmlnuz-4.5.0-42-geneicrootLABL=loudim-rot ro consoe=tty1 consol=tty0
[    0.00000] KEREL supprtd cp:
[  0.000000]  Inte GnuineIntl
[   0.0000   AMD AuhenticAMD
[   0.0000]   Centaur Centauauls
[   .000000 x86/fp: Supporin XAV fatrex001: 'x87floang pointreisters'
[    0.000000] x8/fu: Supprtng XSAE eaur 0x02: 'SS regists'
[    00000]x86/fp: uppting XSE feare 0x4: 'A registers'
[    000000] 86fp xstate_ofset]:  56,xstatesizes[]: 256
   000000] x86/fpu:nabled xstate featurs x7,ontext ize i 82 bytes, using 'standrd' format.
[  0.000000] e82: BS-provided physical RAM map:
[    0.000000] BIOS-e820: [mem 0x0000000000000000-0x000000000009fbff] usable
[    0.000000] BIOS-e820: [em0x00000009fc00-0x00000000009ff] reservd
   0.000000] BIOS-e820: [mem 0x00000000000f0000-0x00000000000fffff] reserved
[    0.000000] BIOS-e80: [mem 0x000000010000-x0000003ffeffff] usable
[    0.00000BIOSe820: [mem 0x00000003fff0000-x0000003fffff] ACP data
[    0.00000] BS-e820 [em 0000000ec0000-0x0000000fe00ff] resered[    0.000000] BIOS820: [mem x00000fee00000-000000fee00fff] reserved
[  0.000000]BIOe820: [m 0x000000fffc0000-0x00000000ffffff] reseved
[    .00000] X (Execue Disable) protectin:acti
[    0.0000] SMBOS 25 resent.
    0.00000] DMI: inotek Gmb Virtuaox/VirtualBox, BIS iruaBox 1/0/2006[   .00000 Hyprvsor deected: KVM
[    0.000000] e820: last_pfn = 0x3fff0 max_arch_pfn = 0x400000000
[    0.000000] MRR: Disabled
   0.0000] x/PATMTRRdisabled, skippig AT iitiaiztion too
[   .000000] CPU TRRs al lank virtuized syte.
[   0.00000] 86PAT: Configuratio [-7]: W  T  U- C  WB WT UC- C 
[    0.000000] und SMP P-taleat [mm x000fff00x009ffff mapped at [      (ptrvl)]
[   .00000] Scanning 1 areas forow memorycorrupion
[    0000000] RAMISK:[mm 035e30000x6d8ff]
[    0.0000] CPI: Ealy  able chckum vriication sable
    0.00000] AI: RSDP 0x0000000000E0000 000024 (v02 VBOX  )
[    0.000000] ACPI: XSDT 0x000000003FFF0030 00003C (v01 VBOX   VBOXXSDT 00000001 ASL  0000001)
    0.0000] ACI:FACP 0000003FFF0F000004 v04 VBO   VBOFACP0000001 ASL  00000061)
[   0.0000] AI: DDT0x0000003FFF04700021FF(v2 VBOX   VBOXBIOS 0000000 INT 2010528
[    .00000] ACP: FAC0x00000003FF020 000040
[    0.000000] ACPI: FCS 0x00000003FF200 000040
[  0.0000] ACPI:APIC 0000003FFF024000005C v02 VBO  VBOAPC 00000001 ASL  00000061)
[    0.000000] ACPI: SSDT x00000003FF02A0 00CC (v01 VBOX   VBOXCPUT 00000002 INTL 20100528)
[    0.000000] No NUMA configuration found
[    0.000000] Faking a node at [mem 0x0000000000000000-0x000000003ffeffff]
[    0.000000] NODE_DATA(0) allocated [mem 0x3ffc5000-0x3ffeffff]
[    0.000000] kvm-clock: pu 0 msr 0:3ff4401 primar cpu clk
[   0.0000] kvm-clock: Using ms 4b564d0 and 456d00[    0.00000] kvm-clock: using sched offset of 4520564947 cycles
[    0.0000] locksorce: kvm-cock: mask: 0xfffffffffffff max_cycs: 0x1cd2edffb, mx_dl_n: 819059148 n
   0.0000] Zoneranges:
[    0.00000]  DMA     mem x00000000100-0x000000000fffff]
[   0.0000]   DMA2   [mem 000000000100000-x0000003fffff
    000000]   Normal   ept
[  0.00000   Dice   empty
[    0.00000] Moable zon sart foeach nde
[  0.000000]Eary meory no range
[   0.00000]  ode  0 [em0x00000000001000-x0000000009eff]
[    0.000000]   nod   0: [mem 0x000000001000-0x0000003fffff
    0.000000] Initmem setup node 0 [mem 0x0000000000001000-0x000000003ffeffff
[    .000000] Rserve bt uvailabl: 98 ges
   0.0000] AI: PMimer IO Port: 0x408
[    0.00000IOAPIC[0]: apic_id 2, version 32, address 0xfec00000, GSI 0-23
[    0.000000] ACPI: INT_SRC_OVR (bus 0 bus_irq 0 global_irq 2 dfl dfl)
[    0.000000] ACPI: INT_SRC_OVR (bus 0 bu_irq 9 glbal_iq  low vel)[   .000000]UsngACPI (MAT) for SP coigurtion information
[    0.000000] smpboot: Allowing 2 CPUs, 0 hotplug CPUs
[    0000000] P: Registered nsave emry: [em 00000000-000000f]
[    0.00000] PM:Regiteed nosvememory: mem 0x0009f000-0x0009fff]
[    000000] M:Regisered nosave memory: [mem 0x000a0000-0x000effff]
[    0.00000] PM: Rgisterd osave memoy: [mem x00f0000-x00ffff]
[    0.00000] e82 [mem 04000000xfebfffff] avalable orPCI devices
[   0000000] ootingpaavitulized erel on VM
[    .000000] clocsoure: rfied-jiffies: ask: 0xffffffff max_ccles: xffffff,max_dl_ns: 64519600211568 n
[   .0000] rado: get_rado_byts alled ro stat_ernel+x9/0x4f wth crng_init=
[   0.000000] setup_percpu NR_CPUS:8192 nr_cpumask_bits:2 nr_cpu_ids:2 nr_node_ids:1
[    0.000000] percpu: Embedde46 pags/pu @      (prvl) s5152 r82 d2872u104856
[   0.00000 P qspnlck hshtableenries: 56(order: 0, 4096 bytes)
[    0.000000] Buit  zonelists, mobilty groupingon  Totalpaes: 257913
[    0.00000] olcy zon: DMA32
[    0.000000] Kernelccomman line: BOOTIMGE=/boot/vmlinuz-4.15.0-42-geric root=LBE=cloudimg-otfs ro onole=tty cnsole=ttyS
[   0.00000] Memry: 983616K/104120Kavailable (12300Kkernl code, 247K rwdata, 4252K rodata, 2408K init, 2416K bss, 6504Keserved0KK cma-reserved)
[    .000000]SLB: HWalign=64, Order=0-3, MinObjects=0, CPUs=2, Nodes=1
[    0.000000] Kernel/User page tables isolation: enabled
[    0.000000] ftrace: allocatiing 186 entries in 154 pages
[    0.004000] Hierarchical RCU implementation.
[    0.004000] 	RCU restricting CPUs from NR_CPUS=8192 to nr_cpu_ids=2.
[    0.004000] 	Tasks RCU enabled.
[    0.004000] RCU: Adjusting geometry fr rcu_fanout_leaf=16, nr_cpu_id2
[    .04000] NR_IRQS: 524544, nr_irqs: 440, pealocatd rqs: 16
[    0.004000] Console: colour VGA+ 80x25
[   000400]consle[ty1 enabld
[    0.00400 consle[ttyS0] enbld
[    .004000]ACPI: Core revision 20170831
[    0.004000] ACPI: 2 ACPI AML tables successfully acquired and loaded
[    0.004000] APIC: Switch to symmetric I/O mode setup
[    0.004000] x2apic enabled
[    0.004000] Switched APIC routing to physical x2apic.
[    0.005202] ..TIMER: vector=0x30 apic1=0 pin1=2 apic2=-1 pin2=-1
[    0.008004] tsc: Detected 1900.000 MHz processor
[    0.012014] Calibrating delay loop (skipped) preset value.. 3800.00 BogoMIPS (lpj=7600000)
[    0.016009] pid_max: default: 32768 minimum: 301
[    0.020059] Security Framework initialized
[    0.024006] Yama: becoming mindful.
[    0.028044] AppArmor: AppArmor initialized
[    0.034094] Dentry cache hash table entries: 131072 (order: 8, 1048576 bytes)
[    0.036089] Inode-cache hash table entries: 65536 (order: 7, 524288 bytes)
[    0.040036] Mount-cache hash table entries: 2048 (order: 2, 16384 bytes)
[    0.044027] Mountpoint-cache hash table entries: 2048 (order: 2, 16384 bytes)
[    0.048271] mce: CPU supports 0 MCE banks
[    0.052028] Last level iTLB entries: 4KB 1024, 2MB 1024, 4MB 1024
[    0.056008] Last level dTLB entries: 4KB 1024, 2MB 1024, 4MB 1024, 1GB 4
[    0.060007] Spectre V2 : Mitigation: Full generic retpoline
[    0.064005] Spectre V2 : Spectre v2 / SpectreRSB mitigation: Filling RSB on context switch
[    0.068007] Speculative Store Bypass: Vulnerable
[    0.072123] Freeing SMP alternatives memory: 36K
[    0.080000] smpboot: CPU0: Intel(R) Core(TM) i5-4250U CPU @ 1.30GHz (family: 0x6, model: 0x45, stepping: 0x1)
[    0.080123] Performance Events: unsupported p6 CPU model 69 no PMU driver, software events only.
[    0.084089] Hierarchical SRCU implementation.
[    0.088756] NMI watchdog: Perf event create on CPU 0 failed with -2
[    0.092005] NMI watchdog: Perf NMI watchdog permanently disabled
[    0.096154] smp: Bringing up secondary CPUs ...
[    0.100543] x86: Booting SMP configuration:
[    0.104009] .... node  #0, CPUs:      #1
[    0.004000] kvm-clock: cpu 1, msr 0:3ff44041, secondary cpu clock
[    0.004000] mce: CPU supports 0 MCE banks
[    0.114690] smp: Brought up 1 node, 2 CPUs
[    0.116008] smpboot: Max logical packages: 1
[    0.120013] smpboot: Total of 2 processors activated (7600.00 BogoMIPS)
[    0.124212] devtmpfs: initialized
[    0.128083] x86/mm: Memory block size: 128MB
[    0.132180] evm: security.selinux
[    0.136010] evm: security.SMACK64
[    0.140007] evm: security.SMACK64EXEC
[    0.144003] evm: security.SMACK64TRANSMUTE
[    0.148003] evm: security.SMACK64MMAP
[    0.152003] evm: security.apparmor
[    0.156003] evm: security.ima
[    0.160004] evm: security.capability
[    0.164141] clocksource: jiffies: mask: 0xffffffff max_cycles: 0xffffffff, max_idle_ns: 7645041785100000 ns
[    0.168015] futex hash table entries: 512 (order: 3, 32768 bytes)
[    0.172091] pinctrl core: initialized pinctrl subsystem
[    0.180148] RTC time: 16:02:40, date: 12/06/18
[    0.184273] NET: Registered protocol family 16
[    0.188093] audit: initializing netlink subsys (disabled)
[    0.192068] audit: type=2000 audit(1544112135.918:1): state=initialized audit_enabled=0 res=1
[    0.284014] cpuidle: using governor ladder
[    0.288012] cpuidle: using governor menu
[    0.289523] ACPI: bus type PCI registered
[    0.292005] acpiphp: ACPI Hot Plug PCI Controller Driver version: 0.5
[    0.296152] PCI: Using configuration type 1 for base access
[    0.301151] HugeTLB registered 2.00 MiB page size, pre-allocated 0 pages
[    0.308147] ACPI: Added _OSI(Module Device)
[    0.312011] ACPI: Added _OSI(Processor Device)
[    0.316009] ACPI: Added _OSI(3.0 _SCP Extensions)
[    0.320009] ACPI: Added _OSI(Processor Aggregator Device)
[    0.324037] ACPI: Added _OSI(Linux-Dell-Video)
[    0.328009] ACPI: Added _OSI(Linux-Lenovo-NV-HDMI-Audio)
[    0.336973] ACPI: Executed 1 blocks of module-level executable AML code
[    0.348499] ACPI: Interpreter enabled
[    0.352025] ACPI: (supports S0 S5)
[    0.356009] ACPI: Using IOAPIC for interrupt routing
[    0.360359] PCI: Using host bridge windows from ACPI; if necessary, use "pci=nocrs" and report a bug
[    0.364282] ACPI: Enabled 2 GPEs in block 00 to 07
[    0.377505] ACPI: PCI Root Bridge [PCI0] (domain 0000 [bus 00-ff])
[    0.380015] acpi PNP0A03:00: _OSC: OS supports [ASPM ClockPM Segments MSI]
[    0.384046] acpi PNP0A03:00: _OSC: not requesting OS control; OS requires [ExtendedConfig ASPM ClockPM MSI]
[    0.388031] acpi PNP0A03:00: fail to add MMCONFIG information, can't access extended PCI configuration space under this bridge.
[    0.392895] PCI host bridge to bus 0000:00
[    0.396008] pci_bus 0000:00: root bus resource [io  0x0000-0x0cf7 window]
[    0.400006] pci_bus 0000:00: root bus resource [io  0x0d00-0xffff window]
[    0.404006] pci_bus 0000:00: root bus resource [mem 0x000a0000-0x000bffff window]
[    0.408009] pci_bus 0000:00: root bus resource [mem 0x40000000-0xfdffffff window]
[    0.412013] pci_bus 0000:00: root bus resource [bus 00-ff]
[    0.425343] pci 0000:00:01.1: legacy IDE quirk: reg 0x10: [io  0x01f0-0x01f7]
[    0.428021] pci 0000:00:01.1: legacy IDE quirk: reg 0x14: [io  0x03f6]
[    0.432009] pci 0000:00:01.1: legacy IDE quirk: reg 0x18: [io  0x0170-0x0177]
[    0.436010] pci 0000:00:01.1: legacy IDE quirk: reg 0x1c: [io  0x0376]
[    0.470933] pci 0000:00:07.0: quirk: [io  0x4000-0x403f] claimed by PIIX4 ACPI
[    0.472036] pci 0000:00:07.0: quirk: [io  0x4100-0x410f] claimed by PIIX4 SMB
[    0.494503] ACPI: PCI Interrupt Link [LNKA] (IRQs 5 9 10 *11)
[    0.496420] ACPI: PCI Interrupt Link [LNKB] (IRQs 5 9 *10 11)
[    0.500196] ACPI: PCI Interrupt Link [LNKC] (IRQs 5 *9 10 11)
[    0.504251] ACPI: PCI Interrupt Link [LNKD] (IRQs 5 9 10 *11)
[    0.512102] SCSI subsystem initialized
[    0.516081] pci 0000:00:02.0: vgaarb: setting as boot VGA device
[    0.520000] pci 0000:00:02.0: vgaarb: VGA device added: decodes=io+mem,owns=io+mem,locks=none
[    0.520008] pci 0000:00:02.0: vgaarb: bridge control possible
[    0.524007] vgaarb: loaded
[    0.528070] ACPI: bus type USB registered
[    0.532032] usbcore: registered new interface driver usbfs
[    0.536039] usbcore: registered new interface driver hub
[    0.540065] usbcore: registered new device driver usb
[    0.548121] EDAC MC: Ver: 3.0.0
[    0.568268] PCI: Using ACPI for IRQ routing
[    0.616315] NetLabel: Initializing
[    0.700005] NetLabel:  domain hash size = 128
[    0.744008] NetLabel:  protocols = UNLABELED CIPSOv4 CALIPSO
[    0.864032] NetLabel:  unlabeled traffic allowed by default
[    0.936144] clocksource: Switched to clocksource kvm-clock
[    0.964906] VFS: Disk quotas dquot_6.6.0
[    1.052545] VFS: Dquot-cache hash table entries: 512 (order 0, 4096 bytes)
[    1.258998] AppArmor: AppArmor Filesystem Enabled
[    1.355981] pnp: PnP ACPI init
[    1.462283] pnp: PnP ACPI: found 3 devices
[    1.519431] clocksource: acpi_pm: mask: 0xffffff max_cycles: 0xffffff, max_idle_ns: 2085701024 ns
[    1.644523] NET: Registered protocol family 2
[    1.648666] TCP established hash table entries: 8192 (order: 4, 65536 bytes)
[    1.682192] TCP bind hash table entries: 8192 (order: 5, 131072 bytes)
[    1.699929] TCP: Hash tables configured (established 8192 bind 8192)
[    1.720394] UDP hash table entries: 512 (order: 2, 16384 bytes)
[    1.749026] UDP-Lite hash table entries: 512 (order: 2, 16384 bytes)
[    1.771341] NET: Registered protocol family 1
[    1.773006] pci 0000:00:00.0: Limiting direct PCI/PCI transfers
[    1.775170] pci 0000:00:01.0: Activating ISA DMA hang workarounds
[    1.812243] pci 0000:00:02.0: Video device with shadowed ROM at [mem 0x000c0000-0x000dffff]
[    1.933424] Unpacking initramfs...
[    2.377094] Freeing initrd memory: 18968K
[    2.436133] platform rtc_cmos: registered platform RTC device (no PNP device found)
[    2.528637] Scanning for low memory corruption every 60 seconds
[    2.625412] Initialise system trusted keyrings
[    2.684493] Key type blacklist registered
[    2.733595] workingset: timestamp_bits=36 max_order=18 bucket_order=0
[    2.782418] zbud: loaded
[    2.786321] squashfs: version 4.0 (2009/01/31) Phillip Lougher
[    2.798794] fuse init (API version 7.26)
[    2.832779] Key type asymmetric registered
[    2.870222] Asymmetric key parser 'x509' registered
[    2.916993] Block layer SCSI generic (bsg) driver version 0.4 loaded (major 246)
[    3.005286] io scheduler noop registered
[    3.044469] io scheduler deadline registered
[    3.088656] io scheduler cfq registered (default)
[    3.133187] ACPI: AC Adapter [AC] (on-line)
[    3.173145] input: Power Button as /devices/LNXSYSTM:00/LNXPWRBN:00/input/input0
[    3.272746] ACPI: Power Button [PWRF]
[    3.311217] input: Sleep Button as /devices/LNXSYSTM:00/LNXSLPBN:00/input/input1
[    3.401064] ACPI: Sleep Button [SLPF]
[    3.456245] tsc: Refined TSC clocksource calibration: 1899.775 MHz
[    3.552648] clocksource: tsc: mask 0ffffffffffmacyes 036c4ee601, max_idle_ns: 881590727612 ns

[    3.55287] ril: 850160 ivr,2 or, RQhangenbl
[    4.121079] ACPI: Battery Slot [BAT0] (battery present)
[    4.121203] 00:02: ttyS0 at I/O 0x3f8 (irq = 4, base_baud = 115200) is a 16550A
[    4.794400] Linux agpgart interface v0.103
[    4.931629] loop: module loaded
[    4.984719] scsi host0: ata_piix
[    5.063051] scsi host1: ata_piix
[    5.101819] ata1: PATA max UDMA/33 cmd 0x1f0 ctl 0x3f6 bmdma 0xd000 irq 14
[    5.106832] ata2: PATA max UDMA/33 cmd 0x170 ctl 0x376 bmdma 0xd008 irq 15
[    5.114877] libphy: Fixed MDIO Bus: probed
[    5.126335] tun: Universal TUN/TAP device driver, 1.6
[    5.128516] PPP generic driver version 2.4.2
[    5.138279] ehci_hcd: USB 2.0 'Enhanced' Host Controller (EHCI) Driver
[    5.166485] ehci-pci: EHCI PCI platform driver
[    5.182975] ehci-platform: EHCI generic platform driver
[    5.195317] ohci_hcd: USB 1.1 'Open' Host Controller (OHCI) Driver
[    5.212096] ohci-pci: OHCI PCI platform driver
[    5.254558] ohci-platform: OHCI generic platform driver
[    5.278647] uhci_hcd: USB Universal Host Controller Interface driver
[    5.355255] i8042: PNP: PS/2 Controller [PNP0303:PS2K,PNP0f03:PS2M] at 0x60,0x64 irq 1,12
[    5.620049] serio: i8042 KBD port at 0x60,0x64 irq 1
[    5.751075] serio: i8042 AUX port at 0x60,0x64 irq 12
[    5.856527] mousedev: PS/2 mouse device common for all mice
[    6.013895] input: AT Translated Set 2 keyboard as /devices/platform/i8042/serio0/input/input2
[    6.111261] rtc_cmos rtc_cmos: rtc core: registered rtc_cmos as rtc0
[    6.234602] rtc_cmos rtc_cmos: alarms up to one day, 114 bytes nvram
[    6.278421] i2c /dev entries driver
[    6.279909] pcie_mp2_amd: AMD(R) PCI-E MP2 Communication Driver Version: 1.0
[    6.317473] device-mapper: uevent: version 1.0.3
[    6.391850] device-mapper: ioctl: 4.37.0-ioctl (2017-09-20) initialised: dm-devel@redhat.com
[    6.480717] ledtrig-cpu: registered to indicate activity on CPUs
[    6.555092] NET: Registered protocol family 10
[    6.610076] Segment Routing with IPv6
[    6.652685] NET: Registered protocol family 17
[    6.692495] Key type dns_resolver registered
[    6.741071] RAS: Correctable Errors collector initialized.
[    6.818032] sched_clock: Marking stable (6817980785, 0)->(40031737041, -33213756256)
[    6.882908] registered taskstats version 1
[    6.928783] Loading compiled-in X.509 certificates
[    6.961489] Loaded X.509 cert 'Build time autogenerated kernel key: 1663f0131deec003b89e364b3e1eacfdeb38eccf'
[    7.080796] zswap: loaded using pool lzo/zbud
[    7.130469] Key type big_key registered
[    7.170549] Key type trusted registered
[    7.219123] Key type encrypted registered
[    7.256627] AppArmor: AppArmor sha1 policy hashing enabled
[    7.316799] ima: No TPM chip found, activating TPM-bypass! (rc=-19)
[    7.396823] ima: Allocated hash algorithm: sha1
[    7.417402] evm: HMAC attrs: 0x1
[    7.429205]   Magic number: 14:146:34
[    7.430936] rtc_cmos rtc_cmos: setting system clock to 2018-12-06 16:02:50 UTC (1544112170)
[    7.459206] BIOS EDD facility v0.16 2004-Jun-25, 0 devices found
[    7.498197] EDD information not available.
[    7.548520] Freeing unused kernel memory: 2408K
[    7.580630] Write protecting the kernel read-only data: 20480k
[    8.592726] Freeing unused kernel memory: 2008K
[    8.602740] Freeing unused kernel memory: 1892K
[    9.317428] x86/mm: Checked W+X mappings: passed, no W+X pages found.
[   11.194766] x86/mm: Checking user space page tables
[   11.719002] x86/mm: Checked W+X mappings: passed, no W+X pages found.
Loading, please wait...
starting version 237
[   12.167078] Fusion MPT base driver 3.04.20
[   12.172990] e1000: Intel(R) PRO/1000 Network Driver - version 7.3.21-k8-NAPI
[   12.172991] e1000: Copyright (c) 1999-2006 Intel Corporation.
[   12.273082] Copyright (c) 1999-2008 LSI Corporation
[   12.321428] AVX2 version of gcm_enc/dec engaged.
[   12.336561] AES CTR mode by8 optimization enabled
[   12.342327] Fusion MPT SPI Host driver 3.04.20
[   12.525589] input: ImExPS/2 Generic Explorer Mouse as /devices/platform/i8042/serio1/input/input4
[   12.693885] e1000 0000:00:03.0 eth0: (PCI:33MHz:32-bit) 02:ec:de:eb:8e:43
[   12.807661] e1000 0000:00:03.0 eth0: Intel(R) PRO/1000 Network Connection
[   12.841949] mptbase: ioc0: Initiating bringup
[   13.013134] ioc0: LSI53C1030 A0: Capabilities={Initiator}
[   13.336596] scsi host2: ioc0: LSI53C1030 A0, FwRev=00000000h, Ports=1, MaxQ=256, IRQ=20
[   13.524912] scsi 2:0:0:0: Direct-Access     VBOX     HARDDISK         1.0  PQ: 0 ANSI: 5
[   13.748673] scsi target2:0:0: Beginning Domain Validation
[   13.829818] scsi target2:0:0: Domain Validation skipping write tests
[   13.832562] scsi target2:0:0: Ending Domain Validation
[   13.848631] scsi target2:0:0: asynchronous
[   13.851209] scsi 2:0:1:0: Direct-Access     VBOX     HARDDISK         1.0  PQ: 0 ANSI: 5
[   14.180573] scsi target2:0:1: Beginning Domain Validation
[   14.216092] random: fast init done
[   14.218799] scsi target2:0:1: Domain Validation skipping write tests
[   14.219632] e1000 0000:00:08.0 eth1: (PCI:33MHz:32-bit) 08:00:27:ad:97:7e
[   14.219638] e1000 0000:00:08.0 eth1: Intel(R) PRO/1000 Network Connection
[   14.229887] scsi target2:0:1: Ending Domain Validation
[   14.230061] random: systemd-udevd: uninitialized urandom read (16 bytes read)
[   14.230081] random: systemd-udevd: uninitialized urandom read (16 bytes read)
[   14.230085] random: systemd-udevd: uninitialized urandom read (16 bytes read)
[   14.281623] e1000 0000:00:08.0 enp0s8: renamed from eth1
[   14.428453] scsi target2:0:1: asynchronous
[   14.437290] sd 2:0:0:0: Attached scsi generic sg0 type 0
[   14.444105] e1000 0000:00:03.0 enp0s3: renamed from eth0
[   14.454993] sd 2:0:0:0: [sda] 20971520 512-byte logical blocks: (10.7 GB/10.0 GiB)
[   14.455146] sd 2:0:1:0: Attached scsi generic sg1 type 0
[   14.455644] sd 2:0:1:0: [sdb] 20480 512-byte logical blocks: (10.5 MB/10.0 MiB)
[   14.455745] sd 2:0:1:0: [sdb] Write Protect is off
[   14.455939] sd 2:0:1:0: [sdb] Incomplete mode parameter data
[   14.455942] sd 2:0:1:0: [sdb] Assuming drive cache: write through
[   14.467508] sd 2:0:1:0: [sdb] Attached SCSI disk
[   14.691474] sd 2:0:0:0: [sda] Write Protect is off
[   14.731367] sd 2:0:0:0: [sda] Incomplete mode parameter data
[   14.832763] sd 2:0:0:0: [sda] Assuming drive cache: write through
[   14.900648]  sda: sda1
[   14.933953] sd 2:0:0:0: [sda] Attached SCSI disk
Begin: Loading essential drivers ... [   16.572018] raid6: sse2x1   gen()  8426 MB/s
[   16.668306] raid6: sse2x1   xor()  6084 MB/s
[   16.760278] raid6: sse2x2   gen()  9730 MB/s
[   16.836179] raid6: sse2x2   xor()  2654 MB/s
[   16.924243] raid6: sse2x4   gen()  9912 MB/s
[   17.024270] raid6: sse2x4   xor()  6971 MB/s
[   17.116038] raid6: avx2x1   gen() 16632 MB/s
[   17.200241] raid6: avx2x1   xor() 11045 MB/s
[   17.292146] raid6: avx2x2   gen() 18999 MB/s
[   17.376163] raid6: avx2x2   xor() 11353 MB/s
[   17.472519] raid6: avx2x4   gen() 21847 MB/s
[   17.572226] raid6: avx2x4   xor() 13951 MB/s
[   17.611186] raid6: using algorithm avx2x4 gen() 21847 MB/s
[   17.661015] raid6: .... xor() 13951 MB/s, rmw enabled
[   17.721929] raid6: using avx2x2 recovery algorithm
[   17.770422] xor: automatically using best checksumming function   avx       
[   17.860840] async_tx: api initialized (async)
done.
Begin: Running /scripts/init-premount ... done.
Begin: Mounting root file system ... Begin: Running /scripts/local-top ... done.
Begin: Running /scripts/local-premount ... [   18.050008] Btrfs loaded, crc32c=crc32c-intel
Scanning for Btrfs filesystems
done.
Warning: fsck no[   18.126422] EXT4-fs (sda1): mounted filesystem with ordered data mode. Opts: (null)
t present, so skipping root file system
done.
Begin: Running /scripts/local-bottom ... done.
Begin: Running /scripts/init-bottom ... done.
[   18.490297] ip_tables: (C) 2000-2006 Netfilter Core Team
[   19.493505] systemd[1]: systemd 237 running in system mode. (+PAM +AUDIT +SELINUX +IMA +APPARMOR +SMACK +SYSVINIT +UTMP +LIBCRYPTSETUP +GCRYPT +GNUTLS +ACL +XZ +LZ4 +SECCOMP +BLKID +ELFUTILS +KMOD -IDN2 +IDN -PCRE2 default-hierarchy=hybrid)
[   22.535470] systemd[1]: Detected virtualization oracle.
[   23.599703] systemd[1]: Detected architecture x86-64.

Welcome to [1mUbuntu 18.04.1 LTS[0m!

[   24.161451] systemd[1]: Set hostname to <ubuntu>.
[   24.777038] systemd[1]: Initializing machine ID from random generator.
[   25.617229] systemd[1]: Installed transient /etc/machine-id file.
[   26.071969] systemd[1]: Created slice User and Session Slice.
[[0;32m  OK  [0m] Created slice User and Session Slice.
[   27.353485] systemd[1]: Set up automount Arbitrary Executable File Formats File System Automount Point.
[[0;32m  OK  [0m] Set up automount Arbitrary Executabâ€¦rmats File System Automount Point.
[   29.172731] systemd[1]: Started Forward Password Requests to Wall Directory Watch.
[[0;32m  OK  [0m] Started Forward Password Requests to Wall Directory Watch.
[   29.437504] systemd[1]: Reached target User and Group Name Lookups.
[[0;32m  OK  [0m] Reached target User and Group Name Lookups.
[   29.537366] systemd[1]: Created slice System Slice.
[[0;32m  OK  [0m] Created slice System Slice.
[   29.576503] systemd[1]: Listening on LVM2 metadata daemon socket.
[[0;32m  OK  [0m] Listening on LVM2 metadata daemon socket.
[   29.701622] systemd[1]: Created slice system-serial\x2dgetty.slice.
[[0;32m  OK  [0m] Created slice system-serial\x2dgetty.slice.
[   29.776721] systemd[1]: Listening on /dev/initctl Compatibility Named Pipe.
[[0;32m  OK  [0m] Listening on /dev/initctl Compatibility Named Pipe.
[   29.912890] systemd[1]: Listening on Journal Audit Socket.
[[0;32m  OK  [0m] Listening on Journal Audit Socket.
[   30.160910] systemd[1]: Listening on udev Kernel Socket.
[[0;32m  OK  [0m] Listening on udev Kernel Socket.
[   30.404876] systemd[1]: Listening on LVM2 poll daemon socket.
[[0;32m  OK  [0m] Listening on LVM2 poll daemon socket.
[   30.653464] systemd[1]: Listening on Journal Socket.
[[0;32m  OK  [0m] Listening on Journal Socket.
[   30.689593] systemd[1]: Starting Load Kernel Modules...
         Starting Load Kernel Modules...
[   30.721788] systemd[1]: Starting Set the console keyboard layout...
         [   30.781625] random: crng init done
Starting Set the[   30.945701] random: 7 urandom warning(s) missed due to ratelimiting
 console keyboar[   31.093983] Loading iSCSI transport class v2.0-870.
d layout...
[   31.180710] iscsi: registered transport (tcp)
[   31.181948] systemd[1]: Starting Uncomplicated firewall...
         Starting Uncomplicated firewall...
[   31.269120] systemd[1]: Mounting POSIX Message Queue File System...
         Mounting POSIX Message Queue File System...
[   31.323565] systemd[1]: Starting Remount Root and Kernel File Systems...
         Starting Remount Root and Kernel File S[   31.351177] iscsi: registered transport (iser)
ystems...
[   31.430739] systemd[1]: Mounting Kernel Debug File System...
[   31.509261] EXT4-fs (sda1): re-mounted. Opts: (null)
         Mounting Kernel Debug File System...
         Mounting Huge Pages File System...
         Starting Create list of required stâ€¦ce nodes for the current kernel...
[[0;32m  OK  [0m] Listening on Syslog Socket.
[[0;32m  OK  [0m] Reached target System Time Synchronized.
[[0;32m  OK  [0m] Listening on udev Control Socket.
         Starting udev Coldplug all Devices...
[[0;32m  OK  [0m] Reached target Swap.
[[0;32m  OK  [0m] Listening on Network Service Netlink Socket.
[[0;32m  OK  [0m] Reached target Slices.
[[0;32m  OK  [0m] Listening on Device-mapper event daemon FIFOs.
         Starting Monitoring of LVM2 mirrorsâ€¦ng dmeventd or progress polling...
[[0;32m  OK  [0m] Listening on Journal Socket (/dev/log).
         Starting Journal Service...
[[0;32m  OK  [0m] Started Journal Service.
[[0;32m  OK  [0m] Started Load Kernel Modules.
[[0;32m  OK  [0m] Started Set the console keyboard layout.
[[0;32m  OK  [0m] Started Uncomplicated firewall.
[[0;32m  OK  [0m] Mounted POSIX Message Queue File System.
[[0;32m  OK  [0m] Started Remount Root and Kernel File Systems.
[[0;32m  OK  [0m] Mounted Kernel Debug File System.
[[0;32m  OK  [0m] Mounted Huge Pages File System.
[[0;32m  OK  [0m] Started Create list of required staâ€¦vice nodes for the current kernel.
[[0;32m  OK  [0m] Started LVM2 metadata daemon.
         Starting Create Static Device Nodes in /dev...
         Starting Load/Save Random Seed...
         Starting Initial cloud-init job (pre-networking)...
         Mounting FUSE Control File System...
         Starting Apply Kernel Variables...
         Mounting Kernel Configuration File System...
         Starting Flush Journal to Persistent Storage...
[[0;32m  OK  [0m] Started Monitoring of LVM2 mirrors,â€¦sing dmeventd or progress polling.
[[0;32m  OK  [0m] Started udev Coldplug all Devices.
[[0;32m  OK  [0m] Started Create Static Device Nodes in /dev.
[[0;32m  OK  [0m] Started Load/Save Random Seed.
[[0;32m  OK  [0m] Mounted FUSE Control File System.
[[0;32m  OK  [0m] Started Apply Kernel Variables.
[[0;32m  OK  [0m] Mounted Kernel Configuration File System.
         Starting udev Kernel Device Manager...
[[0;32m  OK  [0m] Reached target Local File Systems (Pre).
[[0;32m  OK  [0m] Reached target Local File Systems.
         Starting ebtables ruleset management...
         Starting AppArmor initialization...
         Starting Set console font and keymap...
         Starting Tell Plymouth To Write Out Runtime Data...
         Starting Commit a transient machine-id on disk...
[[0;32m  OK  [0m] Started udev Kernel Device Manager.
[[0;32m  OK  [0m] Started Set console font and keymap.
[[0;32m  OK  [0m] Started Tell Plymouth To Write Out Runtime Data.
[[0;32m  OK  [0m] Started Commit a transient machine-id on disk.
[[0;32m  OK  [0m] Started Dispatch Password Requests to Console Directory Watch.
[[0;32m  OK  [0m] Reached target Local Encrypted Volumes.
[[0;32m  OK  [0m] Started Flush Journal to Persistent Storage.
[[0;32m  OK  [0m] Started ebtables ruleset management.
         Starting Create Volatile Files and Directories...
[[0;32m  OK  [0m] Started Create Volatile Files and Directories.
[[0;32m  OK  [0m] Found device /dev/ttyS0.
         Starting Update UTMP about System Boot/Shutdown...
[[0;32m  OK  [0m] Started Update UTMP about System Boot/Shutdown.
[[0;32m  OK  [0m] Listening on Load/Save RF Kill Switch Status /dev/rfkill Watch.
[   35.649307] cloud-init[412]: Cloud-init v. 18.4-0ubuntu1~18.04.1 running 'init-local' at Thu, 06 Dec 2018 16:03:17 +0000. Up 34.91 seconds.
[[0;32m  OK  [0m] Started AppArmor initialization.
[[0;32m  OK  [0m] Started Initial cloud-init job (pre-networking).
[[0;32m  OK  [0m] Reached target Network (Pre).
         Starting Network Service...
[[0;32m  OK  [0m] Started Network Service.
         Starting Network Name Resolution...
         Starting Wait for Network to be Configured...
[[0;32m  OK  [0m] Started Network Name Resolution.
[[0;32m  OK  [0m] Reached target Network.
[[0;32m  OK  [0m] Reached target Host and Network Name Lookups.
[[0;32m  OK  [0m] Started Wait for Network to be Configured.
         Starting Initial cloud-init job (metadata service crawler)...
[   38.498786] cloud-init[639]: Cloud-init v. 18.4-0ubuntu1~18.04.1 running 'init' at Thu, 06 Dec 2018 16:03:21 +0000. Up 38.28 seconds.
[   38.588592] cloud-init[639]: ci-info: ++++++++++++++++++++++++++++++++++++++Net device info+++++++++++++++++++++++++++++++++++++++
[   38.692383] cloud-init[639]: ci-info: +--------+-------+----------------------------+---------------+--------+-------------------+
[   38.772503] cloud-init[639]: ci-info: | Device |   Up  |          Address           |      Mask     | Scope  |     Hw-Address    |
[   38.856409] cloud-init[639]: ci-info: +--------+-------+----------------------------+---------------+--------+-------------------+
[   38.909763] cloud-init[639]: ci-info: | enp0s3 |  True |         10.0.2.15          | 255.255.255.0 | global | 02:ec:de:eb:8e:43 |
[   38.984499] cloud-init[639]: ci-info: | enp0s3 |  True | fe80::ec:deff:feeb:8e43/64 |       .       |  link  | 02:ec:de:eb:8e:43 |
[   39.018209] cloud-init[639]: ci-info: | enp0s8 | False |             .              |       .       |   .    | 08:00:27:ad:97:7e |
[   39.132841] cloud-init[639]: ci-info: |   lo   |  True |         127.0.0.1          |   255.0.0.0   |  host  |         .         |
[   39.209216] cloud-init[639]: ci-info: |   lo   |  True |          ::1/128           |       .       |  host  |         .         |
[   39.288957] cloud-init[639]: ci-info: +--------+-------+----------------------------+---------------+--------+-------------------+
[   39.345020] cloud-init[639]: ci-info: ++++++++++++++++++++++++++++Route IPv4 info+++++++++++++++++++++++++++++
[   39.440909] cloud-init[639]: ci-info: +-------+-------------+----------+-----------------+-----------+-------+
[   39.488451] cloud-init[639]: ci-info: | Route | Destination | Gateway  |     Genmask     | Interface | Flags |
[   39.532717] cloud-init[639]: ci-info: +-------+-------------+----------+-----------------+-----------+-------+
[   39.596211] cloud-init[639]: ci-info: |   0   |   0.0.0.0   | 10.0.2.2 |     0.0.0.0     |   enp0s3  |   UG  |
[   39.640761] cloud-init[639]: ci-info: |   1   |   10.0.2.0  | 0.0.0.0  |  255.255.255.0  |   enp0s3  |   U   |
[   39.688658] cloud-init[639]: ci-info: |   2   |   10.0.2.2  | 0.0.0.0  | 255.255.255.255 |   enp0s3  |   UH  |
[   39.744836] cloud-init[639]: ci-info: +-------+-------------+----------+-----------------+-----------+-------+
[   39.800724] cloud-init[639]: ci-info: +++++++++++++++++++Route IPv6 info+++++++++++++++++++
[   39.872412] cloud-init[639]: ci-info: +-------+-------------+---------+-----------+-------+
[   39.916542] cloud-init[639]: ci-info: | Route | Destination | Gateway | Interface | Flags |
[   39.952663] cloud-init[639]: ci-info: +-------+-------------+---------+-----------+-------+
[   40.012811] cloud-init[639]: ci-info: |   1   |  fe80::/64  |    ::   |   enp0s3  |   U   |
[   40.044849] cloud-init[639]: ci-info: |   3   |    local    |    ::   |   enp0s3  |   U   |
[   40.100758] cloud-init[639]: ci-info: |   4   |   ff00::/8  |    ::   |   enp0s3  |   U   |
[   40.160562] cloud-init[639]: ci-info: +-------+-------------+---------+-----------+-------+
[   40.273111] cloud-init[639]: Generating public/private rsa key pair.
[   40.312607] cloud-init[639]: Your identification has been saved in /etc/ssh/ssh_host_rsa_key.
[   40.361567] cloud-init[639]: Your public key has been saved in /etc/ssh/ssh_host_rsa_key.pub.
[   40.384218] cloud-init[639]: The key fingerprint is:
[   40.394955] cloud-init[639]: SHA256:1hCrxJo2/RT1pK1zWjMVuZW/tzWXL2chRdUf58gZOWo root@ubuntu-bionic
[[0;32m  OK  [0m] Started Initial cloud-init job (metadata service crawler).
[[0;32m  OK  [0m] Reached target Network is Online.
[   40.447852] cloud-init[639]: The key's randomart image is:
         Starting Availability of block devices...
[[0;32m  OK  [0m] Reached target Remote File Systems (Pre).
[[0;32m  OK  [0m] Reached target Remote File Systems.
[[0;32m  OK  [0m] Reached target Cloud-config availability.
[[0;32m  OK  [0m] Reached target System Initialization.
[[0;32m  OK  [0m] Listening on ACPID Listen Socket.
[   40.547031] cloud-init[639]: +---[RSA 2048]----+
[[0;32m  OK  [0m[   40.727807] cloud-init[639]: |        . . . .o=|
[   40.728958] cloud-init[639]: |     .   + =  ==+|
] Started Message of the Day.
[   40.729523] cloud-init[639]: |      o + . oooO=|
[[0;32m  OK  [0m] Started Daily apt download activities.
[   40.793240] cloud-init[639]: |     = . + .E.=.+|
[[   40.860887] cloud-init[639]: |    = o S +.= . o|
[0;32m  OK  [0m] Listening on D-Bus System Message Bus Socket.
[   40.861293] cloud-init[639]: |   . . +   = + =+|
[[0;32m  OK  [0m] Started Daily apt upgrade and clean activities.
[   40.940882] cloud-init[639]: |        . .   . O|
         [   40.996744] Starting Socket activation for snappy daemon.cloud-init
[639]: |              ..+|
[[   41.033972] cloud-init[639]: |               + |
[   41.034294] cloud-init[639]: +----[SHA256]-----+
[0;32m  OK  [0m] Listening on Open-iSCSI iscsid Socket.
[   41.035313] cloud-init[639]: Generating public/private dsa key pair.
[[0;32m  OK  [0m[   41.124711] ] cloud-initStarted ACPI Events Check.[639]: 
Your identification has been saved in /etc/ssh/ssh_host_dsa_key.
[[   41.200850] cloud-init[639]: Your public key has been saved in /etc/ssh/ssh_host_dsa_key.pub.
[0;32m  OK  [0m] Reached target Paths.
[   41.201259] cloud-init[639]: The key fingerprint is:
[[0;32m  OK  [0m] Started Daily Cleanup of Temporary Directories.
[   41.268340] cloud-init[639]: SHA256:KdC1X+Uu7m5x1TKOaloARYQMMVjWT+38xZ+75yk6iaE root@ubuntu-bionic
         Starting LXD - unix socket.
[   41.376930] cloud-init[639]: The key's randomart image is:
[[0;32m  OK  [0m[   41.452966] ] cloud-initStarted Discard unused blocks once a week.[639]: 
+---[DSA 1024]----+
[[   41.490149] cloud-init[639]: |   o*= +=.    .  |
[   41.490461] cloud-init[639]: |  .. o+o...  o   |
[0;32m  OK  [0m] Reached target Timers.
[   41.491203] cloud-init[639]: |    . oo.o  ... .|
[[   41.560075] cloud-init[639]: |     . ..oo. .= o|
[   41.560433] cloud-init[639]: |      . S ...+.=.|
[0;32m  OK  [0m] Listening on UUID daemon activation socket.
[   41.561002] cloud-init[639]: |       . o .+.o..|
[[   41.582475] cloud-init[639]: |        . +.oo  .|
[   41.582787] cloud-init[639]: |       E oo+.. .o|
[0;32m  OK  [0m] Started Availability of block devices.
[   41.584168] cloud-init[639]: |        .o += .++|
[[   41.656519] cloud-init[639]: +----[SHA256]-----+
[   41.656766] cloud-init[639]: Generating public/private ecdsa key pair.
[0;32m  OK  [0m] Listening on Socket activation for snappy daemon.
[   41.657310] cloud-init[639]: Your identification has been saved in /etc/ssh/ssh_host_ecdsa_key.
[   41.812392] cloud-init[639]: Your public key has been saved in /etc/ssh/ssh_host_ecdsa_key.pub.
[   41.812958] cloud-init[639]: The key fingerprint is:
[[0;32m  OK  [0m] Listening on LXD - unix socket.
[   41.813246] cloud-init[639]: SHA256:ho0jVk9WvVVYspcCfxpKue+6rVPcD6uIzPoC+qAyhaI root@ubuntu-bionic
[[   41.940903] cloud-init[639]: The key's randomart image is:
[0;32m  OK  [0m] Reached target Sockets.
[   41.941517] cloud-init[639]: +---[ECDSA 256]---+
[   42.016725] cloud-init[639]: |          .o  .+o|
[[0;32m  OK  [0m] Reached target Basic System.
[   42.049037] cloud-init[639]: |         .  = oo.|
[   42.079481] cloud-init[639]: |      . o  o *.o.|
[[0;32m  OK  [0m] Started Deferred execution scheduler.
         Starting LSB: automatic crash report generation...
[   42.143963] cloud-init[639]: |     . B  . + =. |
         Starting Dispatcher daemon for systemd-networkd...
[   42.216680] cloud-init[639]: | .  o + S  o...  |         Starting System Logging Service...

[[0;32m  OK  [0m] Started irqbalance daemon.
[   42.305621] cloud-init[639]: |o .... o    .o.. |
         Starting Accounts Service...
[   42.361311] cloud-init[639]: |o... .      .. o.|
[[0;32m  OK  [0m] Started FUSE filesystem for LXC.
[   42.445437] cloud-init[639]: |E...  .o . oo . .|
[   42.535361] cloud-init[639]: |o. .. .+= .+*+   |
[   42.535646] cloud-init[639]: +----[SHA256]-----+
[[0;32m  OK  [0m] Started Regular background program processing daemon.
[   42.535779] cloud-init[639]: Generating public/private ed25519 key pair.
         [   42.664980] Starting Pollinate to seed the pseudo random number generator...cloud-init
[639]: Your identification has been saved in /etc/ssh/ssh_host_ed25519_key.
         [   42.780552] Starting Permit User Sessions...cloud-init
[639]: Your public key has been saved in /etc/ssh/ssh_host_ed25519_key.pub.
[[   42.844413] cloud-init[639]: The key fingerprint is:
[   42.844732] cloud-init[639]: SHA256:nT6lrj5ieMKh5bv5hHD6kSOyTygDxCeSaNl/1/UwuME root@ubuntu-bionic
[0;32m  OK  [0m] Started Unattended Upgrades Shutdown.
[   42.845216] cloud-init[639]: The key's randomart image is:
[   42.892911] cloud-init[639]: +--[ED25519 256]--+
[   42.893088] cloud-init[639]: |                 |
[[0;322  OK  [0m] Started D-Bus System Message Bus.
[   42.893662] cloud-init[639]: |o.o       . .    |
         [   42.981240] Starting Virtualbox guest utils...cloud-init
[639]: |+* o       E +   |
         [   43.035311] Starting LSB: Record successful boot for GRUB...cloud-init
[639]: |+ o .    ...+ +  |
         [   43.060156] cloud-init[639]: |. . .. .S.oo.  . |
Starting Login Service...
[   43.060755] cloud-init[639]: |.. +oo. .. o     |
         [   43.088125] Starting LXD - container startup/shutdown...cloud-init
[639]: |= +==o.   +      |
[   43.117011] cloud-init[639]: |.=.o==+ .. .     |
[   43.177696] cloud-init[639]: |... =B.ooo.      |
         Starting Snappy daemon...
[   43.244605] cloud-init[639]: +----[SHA256]-----+
[[0;32m  OK  [0m] Started System Logging Service.
[[0;32m  OK  [0m] Started Dispatcher daemon for systemd-networkd.
[[0;32m  OK  [0m] Started Permit User Sessions.
[[0;32m  OK  [0m] Started Login Service.
         Starting Authorization Manager...
         Starting Hold until boot process finishes up...
         Starting Terminate Plymouth Boot Screen...
[[0;32m  OK  [0m] Started Hold until boot process finishes up.
[[0;32m  OK  [0m] Started Terminate Plymouth Boot Screen.
[[0;32m  OK  [0m] Started Authorization Manager.
[[0;32m  OK  [0m] Started Accounts Service.
         Starting Set console scheme...
[[0;32m  OK  [0m] Started Serial Getty on ttyS0.
[[0;32m  OK  [0m] Started LSB: automatic crash report generation.
[[0;32m  OK  [0m] Started LXD - container startup/shutdown.
[[0;32m  OK  [0m] Started LSB: Record successful boot for GRUB.
[[0;32m  OK  [0m] Started Set console scheme.
[[0;32m  OK  [0m] Started Snappy daemon.
[[0;32m  OK  [0m] Started Virtualbox guest utils.
         Starting Wait until snapd is fully seeded...
[[0;32m  OK  [0m] Created slice system-getty.slice.
[[0;32m  OK  [0m] Started Getty on tty1.
[[0;32m  OK  [0m] Reached target Login Prompts.
[[0;32m  OK  [0m] Started Pollinate to seed the pseudo random number generator.
         Starting OpenBSD Secure Shell server...
[[0;32m  OK  [0m] Started OpenBSD Secure Shell server.
[[0;32m  OK  [0m] Created slice User Slice of vagrant.
         Starting User Manager for UID 1000...
[[0;32m  OK  [0m] Started Session 1 of user vagrant.
[[0;32m  OK  [0m] Started User Manager for UID 1000.

Ubuntu 18.04.1 LTS ubuntu-bionic ttyS0

ubuntu-bionic login: [   53.129970] cloud-init[1576]: Cloud-init v. 18.4-0ubuntu1~18.04.1 running 'modules:config' at Thu, 06 Dec 2018 16:03:35 +0000. Up 52.33 seconds.
ci-info: no authorized ssh keys fingerprints found for user ubuntu.
<14>Dec  6 16:03:37 ec2: 
<14>Dec  6 16:03:37 ec2: #############################################################
<14>Dec  6 16:03:37 ec2: -----BEGIN SSH HOST KEY FINGERPRINTS-----
<14>Dec  6 16:03:37 ec2: 1024 SHA256:KdC1X+Uu7m5x1TKOaloARYQMMVjWT+38xZ+75yk6iaE root@ubuntu-bionic (DSA)
<14>Dec  6 16:03:37 ec2: 256 SHA256:ho0jVk9WvVVYspcCfxpKue+6rVPcD6uIzPoC+qAyhaI root@ubuntu-bionic (ECDSA)
<14>Dec  6 16:03:37 ec2: 256 SHA256:nT6lrj5ieMKh5bv5hHD6kSOyTygDxCeSaNl/1/UwuME root@ubuntu-bionic (ED25519)
<14>Dec  6 16:03:37 ec2: 2048 SHA256:1hCrxJo2/RT1pK1zWjMVuZW/tzWXL2chRdUf58gZOWo root@ubuntu-bionic (RSA)
<14>Dec  6 16:03:37 ec2: -----END SSH HOST KEY FINGERPRINTS-----
<14>Dec  6 16:03:37 ec2: #############################################################
-----BEGIN SSH HOST KEY KEYS-----
ecdsa-sha2-nistp256 AAAAE2VjZHNhLXNoYTItbmlzdHAyNTYAAAAIbmlzdHAyNTYAAABBBAC7hN/HYKQxMnJnZEKKYSl7z3Rp/Rt0zItqbHI1niMZnQ8CVRolPPS+jZsA2oMmfCVWBdQknvyP9Peu4PKD+iI= root@ubuntu-bionic
ssh-ed25519 AAAAC3NzaC1lZDI1NTE5AAAAINLahbH+lOSDVGu2WznS1SWgDVvZbdZgBmQIxVTWfH2U root@ubuntu-bionic
ssh-rsa AAAAB3NzaC1yc2EAAAADAQABAAABAQD7f9XIWuZfsWvg01fiVvzC9McxyN7/LS27hQSaQsScdEH3MPcG4UZ/sfhlhoZ6YKUWQi+SCXlv4GqLXP+vvEWA5UjYvZzVP1k8iKIlNeRzu//jUamJx17TasUYd1N5XgZeF6O0zOJQFEOzrWA9+GLadtUz5mG9pDRcfEMzgKmW3wy5MX0KiOX5LpQrfvYXt+utMsDIHiJUbhkFZUfk40RXAfd3FTfM+XUB7D8Fy0grYCRNo2Y6CQv1E9k+n7mD+Y23rPO2eHFB3+iA6eS5UYZE7Edq7O+fTaSbSbZN7vRfJBgWpz4+peuMEhNgmq5FwzKrcVqvUdFz/tR730NeDl6l root@ubuntu-bionic
-----END SSH HOST KEY KEYS-----
[   54.042485] cloud-init[1716]: Cloud-init v. 18.4-0ubuntu1~18.04.1 running 'modules:final' at Thu, 06 Dec 2018 16:03:36 +0000. Up 53.81 seconds.
[   54.042605] cloud-init[1716]: ci-info: no authorized ssh keys fingerprints found for user ubuntu.
[   54.042684] cloud-init[1716]: Cloud-init v. 18.4-0ubuntu1~18.04.1 finished at Thu, 06 Dec 2018 16:03:37 +0000. Datasource DataSourceNoCloud [seed=/dev/sdb][dsmode=net].  Up 54.03 seconds
[[0;32m  OK  [0m] Closed Load/Save RF Kill Switch Status /dev/rfkill Watch.
         Stopping Availability of block devices...
         Stopping Authorization Manager...
[[0;32m  OK  [0m] Stopped target Timers.
         Stopping Session 7 of user vagrant.
[[0;32m  OK  [0m] Stopped Daily apt upgrade and clean activities.
[[0;32m  OK  [0m] Stopped Daily apt download activities.
[[0;32m  OK  [0m] Stopped Daily Cleanup of Temporary Directories.
         Stopping User Manager r         Stopping LXD - container startup/shutdown...
[[0;32m  OK  [0m] Stopped Dispatcher daemon for systemd-networkd.
[[0;32m  OK  [0m] Unmounted /var/lib/lxcfs.
[[0;32m  OK  [0m] Stopped Deferred execution scheduler.
[[0;32m  OK  [0m] Stopped System Logging Service.
[[0;32m  OK  [0m] Stopped irqbalance daemon.
[[0;32m  OK  [0m] Stopped Accounts Service.
[[0;32m  OK  [0m] Stopped Regular background program processing daemon.
[[0;32m  OK  [0m] Stopped Unattended Upgrades Shutdown.
[[0;32m  OK  [0m] Stopped Snappy daemon.
[[0;32m  OK  [0m] Stopped Authorization Manager.
[[0;32m  OK  [0m] Stopped Serial Getty on ttyS0.
[[0;32m  OK  [0m] Stopped Getty on tty1.
[[0;32m  OK  [0m] Stopped OpenBSD Secure Shell server.
[[0;32m  OK  [0m] Stopped User Manager for UID 1000.
[[0;32m  OK  [0m] Stopped Availability of block devices.
[[0;32m  OK  [0m] Stopped D-Bus System Message Bus.
[[0;32m  OK  [0m] Stopped FUSE filesystem for LXC.
[[0;32m  OK  [0m] Stopped Session 7 of user vagrant.
[[0;32m  OK  [0m] Removed slice User Slice of vagrant.
         Stopping Login Service...
[[0;32m  OK  [0m] Removed slice system-getty.slice.
         Stopping Permit User Sessions...
[[0;32m  OK  [0m] Removed slice system-serial\x2dgetty.slice.
[[0;32m  OK  [0m] Stopped Login Service.
[[0;32m  OK  [0m] Stopped LSB: automatic crash report generation.
[[0;32m  OK  [0m] Stopped LSB: Record successful boot for GRUB.
[[0;32m  OK  [0m] Stopped LXD - container startup/shutdown.
[[0;32m  OK  [0m] Stopped Virtualbox guest utils.
[[0;32m  OK  [0m] Stopped Permit User Sessions.
[[0;32m  OK  [0m] Stopped target Network.
         Stopping Network Name Resolution...
[[0;32m  OK  [0m] Stopped target Remote File Systems.
[[0;32m  OK  [0m] Stopped target Remote File Systems (Pre).
[[0;32m  OK  [0m] Stopped target User and Group Name Lookups.
[[0;32m  OK  [0m] Stopped target Basic System.
[[0;32m  OK  [0m] Stopped target Sockets.
[[0;32m  OK  [0m] Closed UUID daemon activation socket.
[[0;32m  OK  [0m] Closed Open-iSCSI iscsid Socket.
[[0;32m  OK  [0m] Closed ACPID Listen Socket.
[[0;32m  OK  [0m] Closed Socket activation for snappy daemon.
[[0;32m  OK  [0m] Closed LXD - unix socket.
[[0;32m  OK  [0m] Closed Syslog Socket.
[[0;32m  OK  [0m] Stopped target Slices.
[[0;32m  OK  [0m] Stopped target Paths.
[[0;32m  OK  [0m] Stopped ACPI Events Check.
[[0;32m  OK  [0m] Removed slice User and Session Slice.
[[0;32m  OK  [0m] Closed D-Bus System Message Bus Socket.
[[0;32m  OK  [0m] Stopped target System Initialization.
[[0;32m  OK  [0m] Stopped Initial cloud-init job (metadata service crawler).
[[0;32m  OK  [0m] Stopped Commit a transient machine-id on disk.
         Stopping Update UTMP about System Boot/Shutdown...
         Stopping Load/Save Random Seed...
[[0;32m  OK  [0m] Stopped target Local Encrypted Volumes.
[[0;32m  OK  [0m] Stopped Dispatch Password Requests to Console Directory Watch.
[[0;32m  OK  [0m] Stopped Forward Password Requests to Wall Directory Watch.
[[0;32m  OK  [0m] Stopped Network Name Resolution.
[[0;32m  OK  [0m] Stopped Load/Save Random Seed.
         Stopping Network Service...
[[0;32m  OK  [0m] Stopped Update UTMP about System Boot/Shutdown.
[[0;32m  OK  [0m] Stopped Network Service.
[[0;32m  OK  [0m] Stopped Apply Kernel Variables.
[[0;32m  OK  [0m] Stopped Load Kernel Modules.
[[0;32m  OK  [0m] Stopped target Network (Pre).
[[0;32m  OK  [0m] Stopped Initial cloud-init job (pre-networking).
[[0;32m  OK  [0m] Stopped Create Volatile Files and Directories.
[[0;32m  OK  [0m] Stopped target Local File Systems.
         Unmounting /run/user/1000...
         Unmounting /vagrant...
[[0;32m  OK  [0m] Unmounted /run/user/1000.
[[0;32m  OK  [0m] Unmounted /vagrant.
[[0;32m  OK  [0m] Reached target Unmount All Filesystems.
[[0;32m  OK  [0m] Stopped target Local File Systems (Pre).
[[0;32m  OK  [0m] Stopped Create Static Device Nodes in /dev.
         Stopping Monitoring of LVM2 mirrorsâ€¦ng dmeventd or progress polling...
[[0;32m  OK  [0m] Stopped Remount Root and Kernel File Systems.
[[0;32m  OK  [0m] Stopped target Swap.
[[0;32m  OK  [0m] Reached target Shutdown.
[[0;32m  OK  [0m] Reached target Final Step.
         Starting Power-Off...
[[0;32m  OK  [0m] Stopped Monitoring of LVM2 mirrors,â€¦sing dmeventd or progress polling.
         Stopping LVM2 metadata daemon...
[[0;32m  OK  [0m] Stopped LVM2 metadata daemon.
[ 1062.844204] reboot: Power down
